// Vitest Snapshot v1, https://vitest.dev/guide/snapshot.html

exports[`GitHubCallback > should redirect to homepage 1`] = `
<div>
  Redirected to /
</div>
`;

exports[`GitHubCallback > should render GithubCallback 1`] = `
<div>
  <div
    class="_GitHubCallback_562b9c"
  >
    <h1>
      Processing GitHub login...
    </h1>
  </div>
</div>
`;
